[33mThe CJS build of Vite's Node API is deprecated. See https://vite.dev/guide/troubleshooting.html#vite-cjs-node-api-deprecated for more details.[39m
[2m12:45:24[22m [33m[1m[vite][22m[39m [33mwarning: <tr> cannot be child of <table>, according to HTML specifications. This can cause hydration errors or potentially disrupt future functionality.
559|              <col style="width:15%;"><col style="width:8%;"><col style="width:8%;"><col style="width:8%;"><col style="width:8%;"><col style="width:8%;"><col style="width:8%;"><col style="width:8%;"><col style="width:8%;"><col style="width:8%;"><col style="width:7%;"><col style="width:6%;">
560|            </colgroup>
561|            <tr>
   |            ^^^^
562|              <td style="border:1px solid #000;padding:5px 6px;font-weight:600;vertical-align:middle;">A.年龄</td>
   |  ^^^^^^^^^^^^^^^^^^^^^^^^^^^^^^^^^^^^^^^^^^^^^^^^^^^^^^^^^^^^^^^^^^^^^^^^^^^^^^^^^^^^^^^^^^^^^^^^^^^^^^^^^^^^^^
563|              <td colspan="9" style="border:1px solid #000;padding:5px 8px;text-align:left;">
   |  ^^^^^^^^^^^^^^^^^^^^^^^^^^^^^^^^^^^^^^^^^^^^^^^^^^^^^^^^^^^^^^^^^^^^^^^^^^^^^^^^^^^^^^^^^^^
564|                <span v-for="o in ageOptions" :key="o.label" style="margin-right:18px;white-space:nowrap;">{{ o.label }}　{{ o.checked ? '☑' : '□' }}　{{ o.score }}</span>
   |  ^^^^^^^^^^^^^^^^^^^^^^^^^^^^^^^^^^^^^^^^^^^^^^^^^^^^^^^^^^^^^^^^^^^^^^^^^^^^^^^^^^^^^^^^^^^^^^^^^^^^^^^^^^^^^^^^^^^^^^^^^^^^^^^^^^^^^^^^^^^^^^^^^^^^^^^^^^^^^^^^^^^^^^^
565|              </td>
   |  ^^^^^^^^^^^^^^^^^
566|              <td style="border:1px solid #000;padding:5px 4px;">A 计分</td>
   |  ^^^^^^^^^^^^^^^^^^^^^^^^^^^^^^^^^^^^^^^^^^^^^^^^^^^^^^^^^^^^^^^^^^^^^^^^
567|              <td style="border:1px solid #000;padding:5px 4px;">{{ scoreResult.ageScore || 0 }}</td>
   |  ^^^^^^^^^^^^^^^^^^^^^^^^^^^^^^^^^^^^^^^^^^^^^^^^^^^^^^^^^^^^^^^^^^^^^^^^^^^^^^^^^^^^^^^^^^^^^^^^^^^
568|            </tr>
   |  ^^^^^^^^^^^^^^^[39m
  Plugin: [35mvite:vue[39m
  File: [36mC:/Users/LDY/Doubao/chats/2026-09-04/new-chat/zing-doctor/frontend/src/views/Apache2Score.vue[39m
[2m12:45:24[22m [33m[1m[vite][22m[39m [33mwarning: <tr> cannot be child of <table>, according to HTML specifications. This can cause hydration errors or potentially disrupt future functionality.
567|              <td style="border:1px solid #000;padding:5px 4px;">{{ scoreResult.ageScore || 0 }}</td>
568|            </tr>
569|            <tr>
   |            ^^^^
570|              <td style="border:1px solid #000;padding:5px 6px;font-weight:600;vertical-align:middle;text-align:left;">B. 有严重器官系统功能不全或免疫损害</td>
   |  ^^^^^^^^^^^^^^^^^^^^^^^^^^^^^^^^^^^^^^^^^^^^^^^^^^^^^^^^^^^^^^^^^^^^^^^^^^^^^^^^^^^^^^^^^^^^^^^^^^^^^^^^^^^^^^^^^^^^^^^^^^^^^^^^^^^^^^^^^^^^^
571|              <td colspan="9" style="border:1px solid #000;padding:6px 8px;text-align:left;line-height:1.65;">
   |  ^^^^^^^^^^^^^^^^^^^^^^^^^^^^^^^^^^^^^^^^^^^^^^^^^^^^^^^^^^^^^^^^^^^^^^^^^^^^^^^^^^^^^^^^^^^^^^^^^^^^^^^^^^^^
572|                <div style="font-size:10.5px;margin-bottom:5px;">【严重器官功能不全者：①心：心功能IV级；②肺：慢性缺氧、阻塞性或限制性通气障碍、运动耐力差；③肾：慢性透析者；④肝：肝硬化、门脉高压、有上消化道出血史、肝昏迷、肝功能衰竭史。免疫损害：如接受放疗、化疗、长期或大量激素治疗，有白血病、淋巴瘤、艾滋病等。】</div>
   |  ^^^^^^^^^^^^^^^^^^^^^^^^^^^^^^^^^^^^^^^^^^^^^^^^^^^^^^^^^^^^^^^^^^^^^^^^^^^^^^^^^^^^^^^^^^^^^^^^^^^^^^^^^^^^^^^^^^^^^^^^^^^^^^^^^^^^^^^^^^^^^^^^^^^^^^^^^^^^^^^^^^^^^^^^^^^^^^^^^^^^^^^^^^^^^^^^^^^^
573|                <span style="margin-right:20px;white-space:nowrap;">非手术或择期手术后　{{ form.chronicHealth==='elective' ? '☑' : '□' }}　2</span>
   |  ^^^^^^^^^^^^^^^^^^^^^^^^^^^^^^^^^^^^^^^^^^^^^^^^^^^^^^^^^^^^^^^^^^^^^^^^^^^^^^^^^^^^^^^^^^^^^^^^^^^^^^^^^^^^^^^^^^^^^^^^^^^^^^^^^^^^^^
574|                <span style="margin-right:20px;white-space:nowrap;">不能手术或急症手术后　{{ form.chronicHealth==='nonoperative' ? '☑' : '□' }}　5</span>
   |  ^^^^^^^^^^^^^^^^^^^^^^^^^^^^^^^^^^^^^^^^^^^^^^^^^^^^^^^^^^^^^^^^^^^^^^^^^^^^^^^^^^^^^^^^^^^^^^^^^^^^^^^^^^^^^^^^^^^^^^^^^^^^^^^^^^^^^^^^^^^
575|                <span style="white-space:nowrap;">无上述情况　{{ form.chronicHealth==='none' ? '☑' : '□' }}　0</span>
   |  ^^^^^^^^^^^^^^^^^^^^^^^^^^^^^^^^^^^^^^^^^^^^^^^^^^^^^^^^^^^^^^^^^^^^^^^^^^^^^^^^^^^^^^^^^^^^^^^^^^^^^^^^^^^^
576|              </td>
   |  ^^^^^^^^^^^^^^^^^
577|              <td style="border:1px solid #000;padding:5px 4px;">B 计分</td>
   |  ^^^^^^^^^^^^^^^^^^^^^^^^^^^^^^^^^^^^^^^^^^^^^^^^^^^^^^^^^^^^^^^^^^^^^^^^
578|              <td style="border:1px solid #000;padding:5px 4px;">{{ scoreResult.chronicScore || 0 }}</td>
   |  ^^^^^^^^^^^^^^^^^^^^^^^^^^^^^^^^^^^^^^^^^^^^^^^^^^^^^^^^^^^^^^^^^^^^^^^^^^^^^^^^^^^^^^^^^^^^^^^^^^^^^^^
579|            </tr>
   |  ^^^^^^^^^^^^^^^[39m
  Plugin: [35mvite:vue[39m
  File: [36mC:/Users/LDY/Doubao/chats/2026-09-04/new-chat/zing-doctor/frontend/src/views/Apache2Score.vue[39m
[2m12:45:24[22m [33m[1m[vite][22m[39m [33mwarning: <tr> cannot be child of <table>, according to HTML specifications. This can cause hydration errors or potentially disrupt future functionality.
585|              <col style="width:15%;"><col style="width:12%;"><col style="width:12%;"><col style="width:12%;"><col style="width:12%;"><col style="width:12%;"><col style="width:12%;"><col style="width:13%;">
586|            </colgroup>
587|            <tr style="background:#f5f5f5;font-weight:600;">
   |            ^^^^^^^^^^^^^^^^^^^^^^^^^^^^^^^^^^^^^^^^^^^^^^^^
588|              <td style="border:1px solid #000;padding:4px 6px;">GCS评分</td>
   |  ^^^^^^^^^^^^^^^^^^^^^^^^^^^^^^^^^^^^^^^^^^^^^^^^^^^^^^^^^^^^^^^^^^^^^^^^^
589|              <td v-for="h in GCS_HEADS" :key="h" style="border:1px solid #000;padding:4px 4px;">{{ h }}</td>
   |  ^^^^^^^^^^^^^^^^^^^^^^^^^^^^^^^^^^^^^^^^^^^^^^^^^^^^^^^^^^^^^^^^^^^^^^^^^^^^^^^^^^^^^^^^^^^^^^^^^^^^^^^^^^^
590|              <td style="border:1px solid #000;padding:4px 4px;"></td>
   |  ^^^^^^^^^^^^^^^^^^^^^^^^^^^^^^^^^^^^^^^^^^^^^^^^^^^^^^^^^^^^^^^^^^^^
591|            </tr>
   |  ^^^^^^^^^^^^^^^[39m
  Plugin: [35mvite:vue[39m
  File: [36mC:/Users/LDY/Doubao/chats/2026-09-04/new-chat/zing-doctor/frontend/src/views/Apache2Score.vue[39m
[2m12:45:24[22m [33m[1m[vite][22m[39m [33mwarning: <tr> cannot be child of <table>, according to HTML specifications. This can cause hydration errors or potentially disrupt future functionality.
595|              <td style="border:1px solid #000;padding:3px 4px;"></td>
596|            </tr>
597|            <tr>
   |            ^^^^
598|              <td colspan="2" style="border:1px solid #000;padding:5px 8px;text-align:left;">GCS记分=1+2+3</td>
   |  ^^^^^^^^^^^^^^^^^^^^^^^^^^^^^^^^^^^^^^^^^^^^^^^^^^^^^^^^^^^^^^^^^^^^^^^^^^^^^^^^^^^^^^^^^^^^^^^^^^^^^^^^^^^
599|              <td style="border:1px solid #000;padding:5px 4px;">{{ gcsTotalText }}</td>
   |  ^^^^^^^^^^^^^^^^^^^^^^^^^^^^^^^^^^^^^^^^^^^^^^^^^^^^^^^^^^^^^^^^^^^^^^^^^^^^^^^^^^^^^^
600|              <td colspan="4" style="border:1px solid #000;padding:5px 8px;text-align:right;">C.积分 = 15-GCS</td>
   |  ^^^^^^^^^^^^^^^^^^^^^^^^^^^^^^^^^^^^^^^^^^^^^^^^^^^^^^^^^^^^^^^^^^^^^^^^^^^^^^^^^^^^^^^^^^^^^^^^^^^^^^^^^^^^^^
601|              <td style="border:1px solid #000;padding:5px 4px;">{{ gcsComplete ? (scoreResult.gcsScore || 0) : '—' }}</td>
   |  ^^^^^^^^^^^^^^^^^^^^^^^^^^^^^^^^^^^^^^^^^^^^^^^^^^^^^^^^^^^^^^^^^^^^^^^^^^^^^^^^^^^^^^^^^^^^^^^^^^^^^^^^^^^^^^^^^^^^^^^^^
602|            </tr>
   |  ^^^^^^^^^^^^^^^[39m
  Plugin: [35mvite:vue[39m
  File: [36mC:/Users/LDY/Doubao/chats/2026-09-04/new-chat/zing-doctor/frontend/src/views/Apache2Score.vue[39m
[2m12:45:24[22m [33m[1m[vite][22m[39m [33mwarning: <tr> cannot be child of <table>, according to HTML specifications. This can cause hydration errors or potentially disrupt future functionality.
608|              <col style="width:15%;"><col style="width:8%;"><col style="width:8%;"><col style="width:8%;"><col style="width:8%;"><col style="width:8%;"><col style="width:8%;"><col style="width:8%;"><col style="width:8%;"><col style="width:8%;"><col style="width:7%;"><col style="width:6%;">
609|            </colgroup>
610|            <tr style="background:#f5f5f5;font-weight:600;">
   |            ^^^^^^^^^^^^^^^^^^^^^^^^^^^^^^^^^^^^^^^^^^^^^^^^
611|              <td style="border:1px solid #000;padding:5px 4px;">D.生理指标</td>
   |  ^^^^^^^^^^^^^^^^^^^^^^^^^^^^^^^^^^^^^^^^^^^^^^^^^^^^^^^^^^^^^^^^^^^^^^^^^^
612|              <td colspan="9" style="border:1px solid #000;padding:3px 4px;"></td>
   |  ^^^^^^^^^^^^^^^^^^^^^^^^^^^^^^^^^^^^^^^^^^^^^^^^^^^^^^^^^^^^^^^^^^^^^^^^^^^^^^^^
613|              <td style="border:1px solid #000;padding:5px 2px;">D 记分</td>
   |  ^^^^^^^^^^^^^^^^^^^^^^^^^^^^^^^^^^^^^^^^^^^^^^^^^^^^^^^^^^^^^^^^^^^^^^^^
614|              <td style="border:1px solid #000;padding:5px 2px;">分值</td>
   |  ^^^^^^^^^^^^^^^^^^^^^^^^^^^^^^^^^^^^^^^^^^^^^^^^^^^^^^^^^^^^^^^^^^^^^^
615|            </tr>
   |  ^^^^^^^^^^^^^^^[39m
  Plugin: [35mvite:vue[39m
  File: [36mC:/Users/LDY/Doubao/chats/2026-09-04/new-chat/zing-doctor/frontend/src/views/Apache2Score.vue[39m
[2m12:45:24[22m [33m[1m[vite][22m[39m [33mwarning: <tr> cannot be child of <table>, according to HTML specifications. This can cause hydration errors or potentially disrupt future functionality.
614|              <td style="border:1px solid #000;padding:5px 2px;">分值</td>
615|            </tr>
616|            <tr style="background:#f5f5f5;font-weight:600;">
   |            ^^^^^^^^^^^^^^^^^^^^^^^^^^^^^^^^^^^^^^^^^^^^^^^^
617|              <td style="border:1px solid #000;"></td>
   |  ^^^^^^^^^^^^^^^^^^^^^^^^^^^^^^^^^^^^^^^^^^^^^^^^^^^^
618|              <td v-for="(c,i) in D_SCORE_COLS" :key="i" style="border:1px solid #000;padding:4px 1px;">{{ c }}</td>
   |  ^^^^^^^^^^^^^^^^^^^^^^^^^^^^^^^^^^^^^^^^^^^^^^^^^^^^^^^^^^^^^^^^^^^^^^^^^^^^^^^^^^^^^^^^^^^^^^^^^^^^^^^^^^^^^^^^^^
619|              <td style="border:1px solid #000;"></td>
   |  ^^^^^^^^^^^^^^^^^^^^^^^^^^^^^^^^^^^^^^^^^^^^^^^^^^^^
620|              <td style="border:1px solid #000;"></td>
   |  ^^^^^^^^^^^^^^^^^^^^^^^^^^^^^^^^^^^^^^^^^^^^^^^^^^^^
621|            </tr>
   |  ^^^^^^^^^^^^^^^[39m
  Plugin: [35mvite:vue[39m
  File: [36mC:/Users/LDY/Doubao/chats/2026-09-04/new-chat/zing-doctor/frontend/src/views/Apache2Score.vue[39m
[2m12:45:24[22m [33m[1m[vite][22m[39m [33mwarning: <tr> cannot be child of <table>, according to HTML specifications. This can cause hydration errors or potentially disrupt future functionality.
639|              </tr>
640|            </template>
641|            <tr>
   |            ^^^^
642|              <td colspan="11" style="border:1px solid #000;padding:5px 8px;text-align:left;">D 积分</td>
   |  ^^^^^^^^^^^^^^^^^^^^^^^^^^^^^^^^^^^^^^^^^^^^^^^^^^^^^^^^^^^^^^^^^^^^^^^^^^^^^^^^^^^^^^^^^^^^^^^^^^^^^
643|              <td style="border:1px solid #000;padding:5px 2px;font-weight:600;">{{ scoreResult.physiologyScore || 0 }}</td>
   |  ^^^^^^^^^^^^^^^^^^^^^^^^^^^^^^^^^^^^^^^^^^^^^^^^^^^^^^^^^^^^^^^^^^^^^^^^^^^^^^^^^^^^^^^^^^^^^^^^^^^^^^^^^^^^^^^^^^^^^^^^^^
644|            </tr>
   |  ^^^^^^^^^^^^^^^[39m
  Plugin: [35mvite:vue[39m
  File: [36mC:/Users/LDY/Doubao/chats/2026-09-04/new-chat/zing-doctor/frontend/src/views/Apache2Score.vue[39m
[2m12:45:24[22m [33m[1m[vite][22m[39m [33mwarning: <tr> cannot be child of <table>, according to HTML specifications. This can cause hydration errors or potentially disrupt future functionality.
643|              <td style="border:1px solid #000;padding:5px 2px;font-weight:600;">{{ scoreResult.physiologyScore || 0 }}</td>
644|            </tr>
645|            <tr>
   |            ^^^^
646|              <td colspan="11" style="border:1px solid #000;padding:6px 8px;text-align:left;">APACHE II 总积分=A+B+C+D</td>
   |  ^^^^^^^^^^^^^^^^^^^^^^^^^^^^^^^^^^^^^^^^^^^^^^^^^^^^^^^^^^^^^^^^^^^^^^^^^^^^^^^^^^^^^^^^^^^^^^^^^^^^^^^^^^^^^^^^^^^^^^
647|              <td style="border:1px solid #000;padding:6px 2px;font-weight:700;font-size:13px;">{{ scoreResult.totalScore || 0 }}</td>
   |  ^^^^^^^^^^^^^^^^^^^^^^^^^^^^^^^^^^^^^^^^^^^^^^^^^^^^^^^^^^^^^^^^^^^^^^^^^^^^^^^^^^^^^^^^^^^^^^^^^^^^^^^^^^^^^^^^^^^^^^^^^^^^^^^^^^^^
648|            </tr>
   |  ^^^^^^^^^^^^^^^[39m
  Plugin: [35mvite:vue[39m
  File: [36mC:/Users/LDY/Doubao/chats/2026-09-04/new-chat/zing-doctor/frontend/src/views/Apache2Score.vue[39m
